Sending request to OpenRouter...
Success! Response:
{'id': 'gen-1770275276-oP4S3Bjf7PjAbjJpZcBh', 'provider': 'Liquid', 'model': 'liquid/lfm-2.5-1.2b-thinking:free', 'object': 'chat.completion', 'created': 1770275277, 'choices': [{'logprobs': None, 'finish_reason': 'stop', 'native_finish_reason': 'stop', 'index': 0, 'message': {'role': 'assistant', 'content': 'Paris', 'refusal': None, 'reasoning': 'Okay, let\'s see. The question is asking for the capital of France, and I need to answer in one word. The user said to put only the final answer inside a box, and it should be one word. Hmm.\n\nFirst, I know the capital of France is Paris. So I just need to make sure that\'s correct. Paris is definitely the capital; it\'s one of the most well-known cities in the world associated with France. So the answer should be Paris. But wait, the user said to answer in one word, and just put the capital name. Since Paris is a single word, that should work. I don\'t see any trick here. Let me confirm: capital of France is Paris. Yeah, so the answer is Paris. I should just say Paris. Wait, but the user said "Answer in one word." Well, Paris is a single word. So the response should be boxed Paris? Wait, but the user said to put the final answer within a box, and since they want one word, just Paris. I think that\'s it. So the answer is Paris. I don\'t think there\'s any confusion here.\n', 'reasoning_details': [{'format': None, 'index': 0, 'type': 'reasoning.text', 'text': 'Okay, let\'s see. The question is asking for the capital of France, and I need to answer in one word. The user said to put only the final answer inside a box, and it should be one word. Hmm.\n\nFirst, I know the capital of France is Paris. So I just need to make sure that\'s correct. Paris is definitely the capital; it\'s one of the most well-known cities in the world associated with France. So the answer should be Paris. But wait, the user said to answer in one word, and just put the capital name. Since Paris is a single word, that should work. I don\'t see any trick here. Let me confirm: capital of France is Paris. Yeah, so the answer is Paris. I should just say Paris. Wait, but the user said "Answer in one word." Well, Paris is a single word. So the response should be boxed Paris? Wait, but the user said to put the final answer within a box, and since they want one word, just Paris. I think that\'s it. So the answer is Paris. I don\'t think there\'s any confusion here.\n'}]}}], 'system_fingerprint': '', 'usage': {'prompt_tokens': 21, 'completion_tokens': 244, 'total_tokens': 265, 'cost': 0, 'is_byok': False, 'prompt_tokens_details': {'cached_tokens': 0, 'audio_tokens': 0}, 'cost_details': {'upstream_inference_cost': 0, 'upstream_inference_prompt_cost': 0, 'upstream_inference_completions_cost': 0}, 'completion_tokens_details': {'reasoning_tokens': 247, 'audio_tokens': 0}}}
